exports[`Scopes List > Unlinks a child item from its parent #0`] =
{
  "abbreviation": "VS1",
  "createdAt": "2021-07-12T21:43:20.188792Z",
  "createdBy": "pb",
  "customAspects": {},
  "description": "Scope mit Subtype Verantwortliche Stelle",
  "designator": "SCP-7",
  "displayName": "SCP-7 VS1 Brasilien",
  "domains": [
    {
      "displayName": "DSGVO DSGVO",
      "resourcesUri": "https://veo.develop.cpmsys.io/domains",
      "searchesUri": "https://veo.develop.cpmsys.io/domains/searches",
      "targetUri": "https://veo.develop.cpmsys.io/domains/ed67e4d7-c657-4479-ba8a-c53999d2930a"
    }
  ],
  "id": "5986694a-c58a-4411-8991-9fc34845bc6a",
  "links": {},
  "members": [
    {
      "displayName": "PRO-10 P4 Cyan",
      "resourcesUri": "https://veo.develop.cpmsys.io/processes{?unit,displayName,subType,size,page,sortBy,sortOrder}",
      "searchesUri": "https://veo.develop.cpmsys.io/processes/searches",
      "targetUri": "https://veo.develop.cpmsys.io/processes/f1c36cf9-70ab-4726-a993-2c23fddcad68"
    },
    {
      "displayName": "AST-6 DA1 Dachs",
      "resourcesUri": "https://veo.develop.cpmsys.io/assets{?unit,displayName,subType,size,page,sortBy,sortOrder}",
      "searchesUri": "https://veo.develop.cpmsys.io/assets/searches",
      "targetUri": "https://veo.develop.cpmsys.io/assets/a2304df4-8126-4709-ba70-53b4d34c3320"
    },
    {
      "displayName": "PRO-9 P3 Blau",
      "resourcesUri": "https://veo.develop.cpmsys.io/processes{?unit,displayName,subType,size,page,sortBy,sortOrder}",
      "searchesUri": "https://veo.develop.cpmsys.io/processes/searches",
      "targetUri": "https://veo.develop.cpmsys.io/processes/fc10e550-8f5b-4d31-9bdb-b4b898a9d254"
    }
  ],
  "name": "Brasilien",
  "owner": {
    "displayName": "NBRX Testunit",
    "resourcesUri": "https://veo.develop.cpmsys.io/units{?parent,displayName}",
    "searchesUri": "https://veo.develop.cpmsys.io/units/searches",
    "targetUri": "https://veo.develop.cpmsys.io/units/d496f98f-c051-443c-9b1f-65d65b64996d"
  },
  "subType": {
    "ed67e4d7-c657-4479-ba8a-c53999d2930a": "SCP_ResponsibleBody"
  },
  "type": "scope",
  "updatedAt": "2021-07-12T21:43:20.188792Z",
  "updatedBy": "pb"
};
