// Jest Snapshot v1, https://goo.gl/fbAQLP

exports[`InputUri.vue should be rendered InputUri field: Initial render 1`] = `
<div
  class="vf-wrapper"
>
  <div
    class="v-input vf-form-element vf-input-uri v-input--hide-details v-input--is-label-active v-input--is-dirty theme--light v-text-field"
  >
    <div
      class="v-input__control"
    >
      <div
        class="v-input__slot"
      >
        <div
          class="v-text-field__slot"
        >
          <label
            class="v-label v-label--active theme--light"
            for="#/properties/inputUri"
            style="left: 0px; position: absolute;"
          >
            Input URI
          </label>
          <input
            id="#/properties/inputUri"
            type="text"
          />
        </div>
        <div
          class="v-input__append-inner"
        >
          <div
            class="v-input__icon v-input__icon--clear"
          >
            <button
              aria-label="clear icon"
              class="v-icon notranslate v-icon--link mdi mdi-close theme--light"
              type="button"
            />
          </div>
        </div>
      </div>
    </div>
    <div
      class="v-input__append-outer"
    >
      <a
        class="v-btn v-btn--icon v-btn--round theme--light v-size--small primary--text"
        href="https://verinice.com/"
        target="_blank"
      >
        <span
          class="v-btn__content"
        >
          <span
            aria-hidden="true"
            class="v-icon notranslate theme--light"
          >
            <svg
              aria-hidden="true"
              class="v-icon__svg"
              role="img"
              viewBox="0 0 24 24"
              xmlns="http://www.w3.org/2000/svg"
            >
              <path
                d="M14,3V5H17.59L7.76,14.83L9.17,16.24L19,6.41V10H21V3M19,19H5V5H12V3H5C3.89,3 3,3.9 3,5V19A2,2 0 0,0 5,21H19A2,2 0 0,0 21,19V12H19V19Z"
              />
            </svg>
          </span>
        </span>
      </a>
    </div>
  </div>
</div>
`;
